// Jest Snapshot v1, https://goo.gl/fbAQLP

exports[`Parser should validate input correcrlt should correctly parse complex expressions 1`] = `"[{\\"type\\":\\"bracket\\",\\"value\\":\\"(\\"},{\\"type\\":\\"number\\",\\"value\\":\\"13\\",\\"currency\\":\\"USD\\"},{\\"type\\":\\"operator\\",\\"value\\":\\"+\\"},{\\"type\\":\\"number\\",\\"value\\":\\"4.5\\",\\"currency\\":\\"EUR\\"},{\\"type\\":\\"operator\\",\\"value\\":\\"-\\"},{\\"type\\":\\"number\\",\\"value\\":\\"8\\",\\"currency\\":\\"GBP\\"},{\\"type\\":\\"bracket\\",\\"value\\":\\")\\"},{\\"type\\":\\"operator\\",\\"value\\":\\"*\\"},{\\"type\\":\\"number\\",\\"value\\":\\"0.8\\",\\"currency\\":\\"USD\\"},{\\"type\\":\\"operator\\",\\"value\\":\\"/\\"},{\\"type\\":\\"number\\",\\"value\\":\\"2\\",\\"currency\\":\\"USD\\"}]"`;

exports[`Parser should validate input correcrlt should parse simple expressions 1`] = `"[{\\"type\\":\\"number\\",\\"value\\":\\"1\\",\\"currency\\":\\"USD\\"},{\\"type\\":\\"operator\\",\\"value\\":\\"+\\"},{\\"type\\":\\"number\\",\\"value\\":\\"4\\",\\"currency\\":\\"EUR\\"},{\\"type\\":\\"operator\\",\\"value\\":\\"*\\"},{\\"type\\":\\"number\\",\\"value\\":\\"0.8\\",\\"currency\\":\\"USD\\"}]"`;

exports[`Parser should validate input correcrtly should correctly parse complex expressions 1`] = `"[{\\"type\\":\\"bracket\\",\\"value\\":\\"(\\"},{\\"type\\":\\"number\\",\\"value\\":\\"13\\",\\"currency\\":\\"USD\\"},{\\"type\\":\\"operator\\",\\"value\\":\\"+\\"},{\\"type\\":\\"number\\",\\"value\\":\\"4.5\\",\\"currency\\":\\"EUR\\"},{\\"type\\":\\"operator\\",\\"value\\":\\"-\\"},{\\"type\\":\\"number\\",\\"value\\":\\"8\\",\\"currency\\":\\"GBP\\"},{\\"type\\":\\"bracket\\",\\"value\\":\\")\\"},{\\"type\\":\\"operator\\",\\"value\\":\\"*\\"},{\\"type\\":\\"number\\",\\"value\\":\\"0.8\\",\\"currency\\":\\"USD\\"},{\\"type\\":\\"operator\\",\\"value\\":\\"/\\"},{\\"type\\":\\"number\\",\\"value\\":\\"2\\",\\"currency\\":\\"USD\\"}]"`;

exports[`Parser should validate input correcrtly should parse simple expressions 1`] = `"[{\\"type\\":\\"number\\",\\"value\\":\\"1\\",\\"currency\\":\\"USD\\"},{\\"type\\":\\"operator\\",\\"value\\":\\"+\\"},{\\"type\\":\\"number\\",\\"value\\":\\"4\\",\\"currency\\":\\"EUR\\"},{\\"type\\":\\"operator\\",\\"value\\":\\"*\\"},{\\"type\\":\\"number\\",\\"value\\":\\"0.8\\",\\"currency\\":\\"USD\\"}]"`;
